{
  "Entries": [
    {
      "RequestUri": "https://example.com/deid?api-version=2024-07-12-preview",
      "RequestMethod": "POST",
      "RequestHeaders": {
        "Accept": "application/json",
        "Accept-Encoding": "gzip, deflate, br, zstd",
        "Authorization": "Sanitized",
        "Connection": "keep-alive",
        "Content-Length": "86",
        "Content-Type": "application/json; charset=UTF-8",
        "Referer": "http://example.com:5173/",
        "sec-ch-ua": "\"Not)A;Brand\";v=\"99\", \"HeadlessChrome\";v=\"127\", \"Chromium\";v=\"127\"",
        "sec-ch-ua-mobile": "?0",
        "sec-ch-ua-platform": "\"Windows\"",
        "Sec-Fetch-Dest": "empty",
        "Sec-Fetch-Mode": "cors",
        "Sec-Fetch-Site": "same-site",
        "User-Agent": "Mozilla/5.0 (Windows NT 10.0; Win64; x64) AppleWebKit/537.36 (KHTML, like Gecko) HeadlessChrome/127.0.6533.17 Safari/537.36",
        "x-ms-client-request-id": "Sanitized",
        "x-ms-useragent": "azsdk-js-health-deidentification-rest/1.0.0-beta.1 core-rest-pipeline/1.16.1 OS/Windows"
      },
      "RequestBody": {
        "dataType": "Plaintext",
        "inputText": "Hello, my name is John Smith.",
        "operation": "Tag"
      },
      "StatusCode": 200,
      "ResponseHeaders": {
        "api-deprecated-versions": "1, 2024-01-16-preview",
        "api-supported-versions": "2024-07-12-preview",
        "Content-Type": "application/json; charset=utf-8",
        "Date": "Tue, 16 Jul 2024 19:21:25 GMT",
        "Request-Context": "appId=cid-v1:68488194-1a21-4db7-8644-7ae8fadf337a",
        "Server": "Kestrel",
        "Transfer-Encoding": "chunked",
        "X-Content-Type-Options": "nosniff",
        "x-ms-correlation-id": "7f8f5418-ca2b-45ae-8ae1-5dee7fd2faa4"
      },
      "ResponseBody": {
        "taggerResult": {
          "documentVersion": "v2024_07_12_preview",
          "entities": [
            {
              "category": "Doctor",
              "offset": {
                "utf8": 18,
                "utf16": 18,
                "codePoint": 18
              },
              "length": {
                "utf8": 10,
                "utf16": 10,
                "codePoint": 10
              },
              "text": "John Smith",
              "confidenceScore": 0.907
            }
          ]
        }
      }
    }
  ],
  "Variables": {}
}
