{
  "Entries": [
    {
      "RequestUri": "https://example.com/deid?api-version=2024-07-12-preview",
      "RequestMethod": "POST",
      "RequestHeaders": {
        "Accept": "application/json",
        "Accept-Encoding": "gzip, deflate, br, zstd",
        "Authorization": "Sanitized",
        "Connection": "keep-alive",
        "Content-Length": "92",
        "Content-Type": "application/json",
        "Referer": "http://localhost:5173/",
        "sec-ch-ua": "\"Not)A;Brand\";v=\"99\", \"HeadlessChrome\";v=\"127\", \"Chromium\";v=\"127\"",
        "sec-ch-ua-mobile": "?0",
        "sec-ch-ua-platform": "\"Windows\"",
        "Sec-Fetch-Dest": "empty",
        "Sec-Fetch-Mode": "cors",
        "Sec-Fetch-Site": "same-site",
        "User-Agent": "Mozilla/5.0 (Windows NT 10.0; Win64; x64) AppleWebKit/537.36 (KHTML, like Gecko) HeadlessChrome/127.0.6533.17 Safari/537.36",
        "x-ms-client-request-id": "Sanitized",
        "x-ms-useragent": "azsdk-js-health-deidentification-rest/1.0.0-beta.1 core-rest-pipeline/1.16.1 OS/Windows"
      },
      "RequestBody": {
        "dataType": "Plaintext",
        "inputText": "Hello, my name is John Smith.",
        "operation": "Surrogate"
      },
      "StatusCode": 200,
      "ResponseHeaders": {
        "api-deprecated-versions": "1, 2024-01-16-preview",
        "api-supported-versions": "2024-07-12-preview",
        "Connection": "keep-alive",
        "Content-Type": "application/json; charset=utf-8",
        "Date": "Thu, 18 Jul 2024 22:34:35 GMT",
        "Request-Context": "appId=cid-v1:3849b6db-c9d6-4719-b725-ab6dfffaef3f",
        "Strict-Transport-Security": "max-age=31536000; includeSubDomains",
        "Transfer-Encoding": "chunked",
        "X-Content-Type-Options": "nosniff",
        "x-ms-correlation-id": "59ac8c2d-0b56-48dd-9acc-cfd6d435ab46"
      },
      "ResponseBody": {
        "outputText": "Hello, my name is Devonne Schlesener."
      }
    }
  ],
  "Variables": {}
}
