{
  "Entries": [
    {
      "RequestUri": "https://example.api.deid.azure.com/deid?api-version=2024-11-15",
      "RequestMethod": "POST",
      "RequestHeaders": {
        "Accept": "application/json",
        "Accept-Encoding": "gzip, deflate, br, zstd",
        "Authorization": "Sanitized",
        "Connection": "keep-alive",
        "Content-Length": "63",
        "Content-Type": "application/json",
        "Referer": "http://localhost:63315/",
        "sec-ch-ua": "\"HeadlessChrome\";v=\"131\", \"Chromium\";v=\"131\", \"Not_A Brand\";v=\"24\"",
        "sec-ch-ua-mobile": "?0",
        "sec-ch-ua-platform": "\"Windows\"",
        "Sec-Fetch-Dest": "empty",
        "Sec-Fetch-Mode": "cors",
        "Sec-Fetch-Site": "same-site",
        "User-Agent": "Mozilla/5.0 (Windows NT 10.0; Win64; x64) AppleWebKit/537.36 (KHTML, like Gecko) HeadlessChrome/131.0.6778.33 Safari/537.36",
        "x-ms-client-request-id": "Sanitized",
        "x-ms-useragent": "azsdk-js-health-deidentification-rest/1.0.0-beta.1 core-rest-pipeline/1.18.2 Chromium/131 OS/x86-Windows-19.0.0"
      },
      "RequestBody": {
        "inputText": "Hello, my name is John Smith.",
        "operation": "Tag"
      },
      "StatusCode": 200,
      "ResponseHeaders": {
        "api-deprecated-versions": "2024-07-12-preview",
        "api-supported-versions": "2024-11-15",
        "Connection": "keep-alive",
        "Content-Type": "application/json",
        "Date": "Mon, 09 Dec 2024 01:41:02 GMT",
        "mise-correlation-id": "fe239f88-2bdf-4ec6-908d-cbf3a03f1eb7",
        "Request-Context": "appId=cid-v1:3849b6db-c9d6-4719-b725-ab6dfffaef3f",
        "Strict-Transport-Security": "max-age=31536000; includeSubDomains",
        "Transfer-Encoding": "chunked",
        "X-Content-Type-Options": "nosniff",
        "x-ms-correlation-id": "a28c9948-474e-424d-968a-8fb0194eafe3"
      },
      "ResponseBody": {
        "taggerResult": {
          "documentVersion": "v2024_11_15",
          "entities": [
            {
              "category": "Doctor",
              "offset": {
                "utf8": 18,
                "utf16": 18,
                "codePoint": 18
              },
              "length": {
                "utf8": 10,
                "utf16": 10,
                "codePoint": 10
              },
              "text": "John Smith",
              "confidenceScore": 0.828
            }
          ]
        }
      }
    }
  ],
  "Variables": {}
}
