{
  "Entries": [
    {
      "RequestUri": "https://example.api.deid.azure.com/jobs/js-job-recorded-001-browser?api-version=2024-11-15",
      "RequestMethod": "PUT",
      "RequestHeaders": {
        "Accept": "application/json",
        "Accept-Encoding": "gzip, deflate, br, zstd",
        "Authorization": "Sanitized",
        "Connection": "keep-alive",
        "Content-Length": "341",
        "Content-Type": "application/json; charset=UTF-8",
        "Referer": "http://localhost:63315/",
        "sec-ch-ua": "\"HeadlessChrome\";v=\"131\", \"Chromium\";v=\"131\", \"Not_A Brand\";v=\"24\"",
        "sec-ch-ua-mobile": "?0",
        "sec-ch-ua-platform": "\"Windows\"",
        "Sec-Fetch-Dest": "empty",
        "Sec-Fetch-Mode": "cors",
        "Sec-Fetch-Site": "same-site",
        "User-Agent": "Mozilla/5.0 (Windows NT 10.0; Win64; x64) AppleWebKit/537.36 (KHTML, like Gecko) HeadlessChrome/131.0.6778.33 Safari/537.36",
        "x-ms-client-request-id": "Sanitized",
        "x-ms-useragent": "azsdk-js-health-deidentification-rest/1.0.0-beta.1 core-rest-pipeline/1.18.2 Chromium/131 OS/x86-Windows-19.0.0"
      },
      "RequestBody": {
        "operation": "Surrogate",
        "sourceLocation": {
          "location": "https://fake_storage_account_sas_uri.blob.core.windows.net/container-sdk-dev-fakeid",
          "prefix": "example_patient_1",
          "extensions": [
            "*"
          ]
        },
        "targetLocation": {
          "location": "https://fake_storage_account_sas_uri.blob.core.windows.net/container-sdk-dev-fakeid",
          "prefix": "_output",
          "overwrite": true
        }
      },
      "StatusCode": 200,
      "ResponseHeaders": {
        "api-deprecated-versions": "2024-07-12-preview",
        "api-supported-versions": "2024-11-15",
        "Connection": "keep-alive",
        "Content-Type": "application/json; charset=utf-8",
        "Date": "Mon, 09 Dec 2024 01:40:58 GMT",
        "mise-correlation-id": "6bad4e34-9a3f-4d3a-b747-7a542b3b411a",
        "operation-id": "js-job-recorded-001-browser",
        "operation-location": "https://example.api.deid.azure.com/jobs/js-job-recorded-001-browser?api-version=2024-11-15",
        "Request-Context": "appId=cid-v1:3849b6db-c9d6-4719-b725-ab6dfffaef3f",
        "Strict-Transport-Security": "max-age=31536000; includeSubDomains",
        "Transfer-Encoding": "chunked",
        "X-Content-Type-Options": "nosniff",
        "x-ms-correlation-id": "c6c4dfe3-2fc2-46a9-a5c7-189bd9be0f1c"
      },
      "ResponseBody": {
        "name": "js-job-recorded-001-browser",
        "sourceLocation": {
          "location": "https://fake_storage_account_sas_uri.blob.core.windows.net/container-sdk-dev-fakeid",
          "prefix": "example_patient_1",
          "extensions": [
            "*"
          ]
        },
        "targetLocation": {
          "location": "https://fake_storage_account_sas_uri.blob.core.windows.net/container-sdk-dev-fakeid",
          "prefix": "_output",
          "overwrite": true
        },
        "operation": "Surrogate",
        "customizations": {
          "surrogateLocale": "en-US"
        },
        "status": "NotStarted",
        "createdAt": "2024-12-09T01:40:58.7900957Z",
        "lastUpdatedAt": "2024-12-09T01:40:58.7900958Z"
      }
    }
  ],
  "Variables": {}
}
