{
  "Entries": [
    {
      "RequestUri": "https://example.com/jobs/js-sdk-job-recorded-001g?api-version=2024-07-12-preview",
      "RequestMethod": "PUT",
      "RequestHeaders": {
        "Accept": "application/json",
        "Accept-Encoding": "gzip,deflate",
        "Authorization": "Sanitized",
        "Connection": "keep-alive",
        "Content-Length": "347",
        "Content-Type": "application/json; charset=UTF-8",
        "User-Agent": "azsdk-js-health-deidentification-rest/1.0.0-beta.1 core-rest-pipeline/1.16.1 Node/18.20.1 OS/(x64-Windows_NT-10.0.22631)",
        "x-ms-client-request-id": "Sanitized"
      },
      "RequestBody": {
        "dataType": "Plaintext",
        "operation": "Surrogate",
        "sourceLocation": {
          "location": "https://fake_storage_account_sas_uri.blob.core.windows.net/container-sdk-dev-fakeid",
          "prefix": "example_patient_1",
          "extensions": [
            "*"
          ]
        },
        "targetLocation": {
          "location": "https://fake_storage_account_sas_uri.blob.core.windows.net/container-sdk-dev-fakeid",
          "prefix": "_output"
        }
      },
      "StatusCode": 200,
      "ResponseHeaders": {
        "api-deprecated-versions": "1",
        "api-supported-versions": "2024-01-16-preview, 2024-07-12-preview",
        "Content-Type": "application/json; charset=utf-8",
        "Date": "Tue, 16 Jul 2024 19:48:13 GMT",
        "operation-id": "js-sdk-job-recorded-001g",
        "operation-location": "https://example.com/jobs/js-sdk-job-recorded-001g?api-version=2024-07-12-preview",
        "Request-Context": "appId=cid-v1:68488194-1a21-4db7-8644-7ae8fadf337a",
        "Server": "Kestrel",
        "Transfer-Encoding": "chunked",
        "X-Content-Type-Options": "nosniff",
        "x-ms-correlation-id": "8a9721db-ce4b-45bc-8729-75437565c5a0"
      },
      "ResponseBody": {
        "name": "js-sdk-job-recorded-001g",
        "status": "NotStarted",
        "createdAt": "2024-07-16T19:48:12.6822267Z",
        "lastUpdatedAt": "2024-07-16T19:48:12.6822268Z",
        "sourceLocation": {
          "extensions": [
            "*"
          ],
          "location": "https://fake_storage_account_sas_uri.blob.core.windows.net/container-sdk-dev-fakeid",
          "prefix": "example_patient_1"
        },
        "targetLocation": {
          "location": "https://fake_storage_account_sas_uri.blob.core.windows.net/container-sdk-dev-fakeid",
          "prefix": "_output"
        },
        "dataType": "Plaintext",
        "operation": "Surrogate"
      }
    }
  ],
  "Variables": {}
}
