{
  "Entries": [
    {
      "RequestUri": "https://Sanitized.blob.core.windows.net/filesystem171617459765806711?restype=container",
      "RequestMethod": "PUT",
      "RequestHeaders": {
        "Accept": "application/xml",
        "Authorization": "Sanitized",
        "Connection": "keep-alive",
        "Content-Length": "0",
        "User-Agent": "azsdk-js-azure-storage-blob/12.23.0-beta.2 core-rest-pipeline/1.16.1 Node/18.19.0 OS/(x64-Windows_NT-10.0.22631)",
        "x-ms-client-request-id": "Sanitized",
        "x-ms-date": "Mon, 20 May 2024 03:09:57 GMT",
        "x-ms-version": "2023-11-03"
      },
      "RequestBody": null,
      "StatusCode": 201,
      "ResponseHeaders": {
        "Content-Length": "0",
        "Date": "Mon, 20 May 2024 03:09:57 GMT",
        "ETag": "\"0x8DC787A545EB83F\"",
        "Last-Modified": "Mon, 20 May 2024 03:09:57 GMT",
        "Server": [
          "Windows-Azure-Blob/1.0",
          "Microsoft-HTTPAPI/2.0"
        ],
        "x-ms-client-request-id": "Sanitized",
        "x-ms-request-id": "Sanitized",
        "x-ms-version": "2023-11-03"
      },
      "ResponseBody": null
    },
    {
      "RequestUri": "https://Sanitized.dfs.core.windows.net/filesystem171617459765806711/file171617459778202932?resource=file",
      "RequestMethod": "PUT",
      "RequestHeaders": {
        "Accept": "application/json",
        "Authorization": "Sanitized",
        "Connection": "keep-alive",
        "Content-Length": "0",
        "User-Agent": "azsdk-js-azure-storage-blob/12.23.0-beta.2 core-rest-pipeline/1.16.1 Node/18.19.0 OS/(x64-Windows_NT-10.0.22631)",
        "x-ms-client-request-id": "Sanitized",
        "x-ms-date": "Mon, 20 May 2024 03:09:57 GMT",
        "x-ms-version": "2023-11-03"
      },
      "RequestBody": null,
      "StatusCode": 201,
      "ResponseHeaders": {
        "Content-Length": "0",
        "Date": "Mon, 20 May 2024 03:09:57 GMT",
        "ETag": "\"0x8DC787A547401B3\"",
        "Last-Modified": "Mon, 20 May 2024 03:09:57 GMT",
        "Server": [
          "Windows-Azure-HDFS/1.0",
          "Microsoft-HTTPAPI/2.0"
        ],
        "x-ms-client-request-id": "Sanitized",
        "x-ms-request-id": "Sanitized",
        "x-ms-request-server-encrypted": "true",
        "x-ms-version": "2023-11-03"
      },
      "ResponseBody": null
    },
    {
      "RequestUri": "https://Sanitized.dfs.core.windows.net/filesystem171617459765806711/file171617459778202932?position=0&action=append",
      "RequestMethod": "PATCH",
      "RequestHeaders": {
        "Accept": "application/json",
        "Authorization": "Sanitized",
        "Connection": "keep-alive",
        "Content-Length": "3",
        "Content-Type": "application/json",
        "User-Agent": "azsdk-js-azure-storage-blob/12.23.0-beta.2 core-rest-pipeline/1.16.1 Node/18.19.0 OS/(x64-Windows_NT-10.0.22631)",
        "x-ms-client-request-id": "Sanitized",
        "x-ms-date": "Mon, 20 May 2024 03:09:57 GMT",
        "x-ms-version": "2023-11-03"
      },
      "RequestBody": "aaa",
      "StatusCode": 202,
      "ResponseHeaders": {
        "Content-Length": "0",
        "Date": "Mon, 20 May 2024 03:09:57 GMT",
        "Server": [
          "Windows-Azure-HDFS/1.0",
          "Microsoft-HTTPAPI/2.0"
        ],
        "x-ms-client-request-id": "Sanitized",
        "x-ms-request-id": "Sanitized",
        "x-ms-request-server-encrypted": "true",
        "x-ms-version": "2023-11-03"
      },
      "ResponseBody": null
    },
    {
      "RequestUri": "https://Sanitized.dfs.core.windows.net/filesystem171617459765806711/file171617459778202932?position=3&action=flush",
      "RequestMethod": "PATCH",
      "RequestHeaders": {
        "Accept": "application/json",
        "Authorization": "Sanitized",
        "Connection": "keep-alive",
        "Content-Length": "0",
        "User-Agent": "azsdk-js-azure-storage-blob/12.23.0-beta.2 core-rest-pipeline/1.16.1 Node/18.19.0 OS/(x64-Windows_NT-10.0.22631)",
        "x-ms-client-request-id": "Sanitized",
        "x-ms-date": "Mon, 20 May 2024 03:09:58 GMT",
        "x-ms-version": "2023-11-03"
      },
      "RequestBody": null,
      "StatusCode": 200,
      "ResponseHeaders": {
        "Content-Length": "0",
        "Date": "Mon, 20 May 2024 03:09:57 GMT",
        "ETag": "\"0x8DC787A549852D1\"",
        "Last-Modified": "Mon, 20 May 2024 03:09:58 GMT",
        "Server": [
          "Windows-Azure-HDFS/1.0",
          "Microsoft-HTTPAPI/2.0"
        ],
        "x-ms-client-request-id": "Sanitized",
        "x-ms-request-id": "Sanitized",
        "x-ms-request-server-encrypted": "false",
        "x-ms-version": "2023-11-03"
      },
      "ResponseBody": null
    },
    {
      "RequestUri": "https://Sanitized.blob.core.windows.net/filesystem171617459765806711/file171617459778202932?comp=lease",
      "RequestMethod": "PUT",
      "RequestHeaders": {
        "Accept": "application/xml",
        "Authorization": "Sanitized",
        "Connection": "keep-alive",
        "Content-Length": "0",
        "User-Agent": "azsdk-js-azure-storage-blob/12.23.0-beta.2 core-rest-pipeline/1.16.1 Node/18.19.0 OS/(x64-Windows_NT-10.0.22631)",
        "x-ms-client-request-id": "Sanitized",
        "x-ms-date": "Mon, 20 May 2024 03:09:58 GMT",
        "x-ms-lease-action": "acquire",
        "x-ms-lease-duration": "30",
        "x-ms-version": "2023-11-03"
      },
      "RequestBody": null,
      "StatusCode": 201,
      "ResponseHeaders": {
        "Content-Length": "0",
        "Date": "Mon, 20 May 2024 03:09:58 GMT",
        "ETag": "\"0x8DC787A549852D1\"",
        "Last-Modified": "Mon, 20 May 2024 03:09:58 GMT",
        "Server": [
          "Windows-Azure-Blob/1.0",
          "Microsoft-HTTPAPI/2.0"
        ],
        "x-ms-client-request-id": "Sanitized",
        "x-ms-request-id": "Sanitized",
        "x-ms-version": "2023-11-03"
      },
      "ResponseBody": null
    },
    {
      "RequestUri": "https://Sanitized.dfs.core.windows.net/filesystem171617459765806711/file171617459778202932?resource=file",
      "RequestMethod": "PUT",
      "RequestHeaders": {
        "Accept": "application/json",
        "Authorization": "Sanitized",
        "Connection": "keep-alive",
        "Content-Length": "0",
        "If-None-Match": "*",
        "User-Agent": "azsdk-js-azure-storage-blob/12.23.0-beta.2 core-rest-pipeline/1.16.1 Node/18.19.0 OS/(x64-Windows_NT-10.0.22631)",
        "x-ms-client-request-id": "Sanitized",
        "x-ms-date": "Mon, 20 May 2024 03:09:58 GMT",
        "x-ms-version": "2023-11-03"
      },
      "RequestBody": null,
      "StatusCode": 409,
      "ResponseHeaders": {
        "Content-Length": "168",
        "Content-Type": "application/json; charset=utf-8",
        "Date": "Mon, 20 May 2024 03:09:57 GMT",
        "Server": [
          "Windows-Azure-HDFS/1.0",
          "Microsoft-HTTPAPI/2.0"
        ],
        "x-ms-client-request-id": "Sanitized",
        "x-ms-error-code": "PathAlreadyExists",
        "x-ms-request-id": "Sanitized",
        "x-ms-version": "2023-11-03"
      },
      "ResponseBody": {
        "error": {
          "code": "PathAlreadyExists",
          "message": "The specified path already exists.\nRequestId:6b278b2d-801f-0004-4663-aad278000000\nTime:2024-05-20T03:09:58.2695448Z"
        }
      }
    },
    {
      "RequestUri": "https://Sanitized.blob.core.windows.net/filesystem171617459765806711?restype=container",
      "RequestMethod": "DELETE",
      "RequestHeaders": {
        "Accept": "application/xml",
        "Authorization": "Sanitized",
        "Connection": "keep-alive",
        "User-Agent": "azsdk-js-azure-storage-blob/12.23.0-beta.2 core-rest-pipeline/1.16.1 Node/18.19.0 OS/(x64-Windows_NT-10.0.22631)",
        "x-ms-client-request-id": "Sanitized",
        "x-ms-date": "Mon, 20 May 2024 03:09:58 GMT",
        "x-ms-version": "2023-11-03"
      },
      "RequestBody": null,
      "StatusCode": 202,
      "ResponseHeaders": {
        "Content-Length": "0",
        "Date": "Mon, 20 May 2024 03:09:58 GMT",
        "Server": [
          "Windows-Azure-Blob/1.0",
          "Microsoft-HTTPAPI/2.0"
        ],
        "x-ms-client-request-id": "Sanitized",
        "x-ms-request-id": "Sanitized",
        "x-ms-version": "2023-11-03"
      },
      "ResponseBody": null
    }
  ],
  "Variables": {
    "file": "file171617459778202932",
    "filesystem": "filesystem171617459765806711"
  }
}
