{
  "Entries": [
    {
      "RequestUri": "https://example.api.deid.azure.com/deid?api-version=2024-11-15",
      "RequestMethod": "POST",
      "RequestHeaders": {
        "Accept": "application/json",
        "Accept-Encoding": "gzip,deflate",
        "Authorization": "Sanitized",
        "Connection": "keep-alive",
        "Content-Length": "112",
        "Content-Type": "application/json",
        "User-Agent": "azsdk-js-health-deidentification-rest/1.0.0-beta.1 core-rest-pipeline/1.18.2 Node/20.17.0 OS/(x64-Windows_NT-10.0.26100)",
        "x-ms-client-request-id": "Sanitized"
      },
      "RequestBody": {
        "inputText": "Hello, my name is John Smith.",
        "operation": "Redact",
        "customizations": {
          "redactionFormat": "*{len}"
        }
      },
      "StatusCode": 200,
      "ResponseHeaders": {
        "api-deprecated-versions": "2024-07-12-preview",
        "api-supported-versions": "2024-11-15",
        "Connection": "keep-alive",
        "Content-Type": "application/json",
        "Date": "Mon, 09 Dec 2024 01:39:16 GMT",
        "mise-correlation-id": "60eb6b39-0c60-40a3-b426-742aa6109a75",
        "Request-Context": "appId=cid-v1:3849b6db-c9d6-4719-b725-ab6dfffaef3f",
        "Strict-Transport-Security": "max-age=31536000; includeSubDomains",
        "Transfer-Encoding": "chunked",
        "X-Content-Type-Options": "nosniff",
        "x-ms-correlation-id": "5c5b84b3-9c62-42fb-8e3a-cdbc64f13abb"
      },
      "ResponseBody": {
        "outputText": "Hello, my name is **********."
      }
    }
  ],
  "Variables": {}
}
