{
  "Entries": [
    {
      "RequestUri": "https://example.com/deid?api-version=2024-07-12-preview",
      "RequestMethod": "POST",
      "RequestHeaders": {
        "Accept": "application/json",
        "Accept-Encoding": "gzip,deflate",
        "Authorization": "Sanitized",
        "Connection": "keep-alive",
        "Content-Length": "92",
        "Content-Type": "application/json; charset=UTF-8",
        "User-Agent": "azsdk-js-health-deidentification-rest/1.0.0-beta.1 core-rest-pipeline/1.16.1 Node/18.20.1 OS/(x64-Windows_NT-10.0.22631)",
        "x-ms-client-request-id": "Sanitized"
      },
      "RequestBody": {
        "dataType": "Plaintext",
        "inputText": "Hello, my name is John Smith.",
        "operation": "Surrogate"
      },
      "StatusCode": 200,
      "ResponseHeaders": {
        "api-deprecated-versions": "1, 2024-01-16-preview",
        "api-supported-versions": "2024-07-12-preview",
        "Connection": "keep-alive",
        "Content-Type": "application/json; charset=utf-8",
        "Date": "Thu, 18 Jul 2024 22:32:43 GMT",
        "Request-Context": "appId=cid-v1:3849b6db-c9d6-4719-b725-ab6dfffaef3f",
        "Strict-Transport-Security": "max-age=31536000; includeSubDomains",
        "Transfer-Encoding": "chunked",
        "X-Content-Type-Options": "nosniff",
        "x-ms-correlation-id": "0178856c-90d2-4382-8626-480d4bd79449"
      },
      "ResponseBody": {
        "outputText": "Hello, my name is Daylin Dulong."
      }
    }
  ],
  "Variables": {}
}
