{
  "Entries": [
    {
      "RequestUri": "https://example.api.deid.azure.com/deid?api-version=2024-11-15",
      "RequestMethod": "POST",
      "RequestHeaders": {
        "Accept": "application/json",
        "Accept-Encoding": "gzip,deflate",
        "Authorization": "Sanitized",
        "Connection": "keep-alive",
        "Content-Length": "63",
        "Content-Type": "application/json; charset=UTF-8",
        "User-Agent": "azsdk-js-health-deidentification-rest/1.0.0-beta.1 core-rest-pipeline/1.18.2 Node/20.17.0 OS/(x64-Windows_NT-10.0.26100)",
        "x-ms-client-request-id": "Sanitized"
      },
      "RequestBody": {
        "inputText": "Hello, my name is John Smith.",
        "operation": "Tag"
      },
      "StatusCode": 200,
      "ResponseHeaders": {
        "api-deprecated-versions": "2024-07-12-preview",
        "api-supported-versions": "2024-11-15",
        "Connection": "keep-alive",
        "Content-Type": "application/json; charset=utf-8",
        "Date": "Mon, 09 Dec 2024 01:39:18 GMT",
        "mise-correlation-id": "6b8b9774-8c45-437e-8701-9cfb254b4015",
        "Request-Context": "appId=cid-v1:3849b6db-c9d6-4719-b725-ab6dfffaef3f",
        "Strict-Transport-Security": "max-age=31536000; includeSubDomains",
        "Transfer-Encoding": "chunked",
        "X-Content-Type-Options": "nosniff",
        "x-ms-correlation-id": "1b3ea34a-e3f8-4e24-89c3-e758afbe332d"
      },
      "ResponseBody": {
        "taggerResult": {
          "documentVersion": "v2024_11_15",
          "entities": [
            {
              "category": "Doctor",
              "offset": {
                "utf8": 18,
                "utf16": 18,
                "codePoint": 18
              },
              "length": {
                "utf8": 10,
                "utf16": 10,
                "codePoint": 10
              },
              "text": "John Smith",
              "confidenceScore": 0.828
            }
          ]
        }
      }
    }
  ],
  "Variables": {}
}
